../Drivers/EEPROM_RW/eeprom_rw.c:9:6:_GREEN_LED_ON	8	static
../Drivers/EEPROM_RW/eeprom_rw.c:13:6:_GREEN_LED_OFF	8	static
../Drivers/EEPROM_RW/eeprom_rw.c:17:6:_READ_LED_ON	8	static
../Drivers/EEPROM_RW/eeprom_rw.c:21:6:_READ_LED_OFF	8	static
../Drivers/EEPROM_RW/eeprom_rw.c:25:6:_WRITE_LED_ON	8	static
../Drivers/EEPROM_RW/eeprom_rw.c:29:6:_WRITE_LED_OFF	8	static
../Drivers/EEPROM_RW/eeprom_rw.c:33:6:delay_ns	16	static
../Drivers/EEPROM_RW/eeprom_rw.c:39:6:set_eeprom_addr	16	static
../Drivers/EEPROM_RW/eeprom_rw.c:44:6:set_eeprom_io	16	static
../Drivers/EEPROM_RW/eeprom_rw.c:51:6:set_eeprom_io_state	16	static
../Drivers/EEPROM_RW/eeprom_rw.c:64:9:read_eeprom_io	16	static
../Drivers/EEPROM_RW/eeprom_rw.c:71:6:set_eeprom_control_bits	16	static
../Drivers/EEPROM_RW/eeprom_rw.c:96:9:read_eeprom_addr	24	static
../Drivers/EEPROM_RW/eeprom_rw.c:109:9:write_eeprom_addr	24	static
../Drivers/EEPROM_RW/eeprom_rw.c:127:6:write_eeprom_addr_nocheck	16	static
../Drivers/EEPROM_RW/eeprom_rw.c:143:6:SDP_Disable	8	static
../Drivers/EEPROM_RW/eeprom_rw.c:154:6:SDP_Enable	8	static
../Drivers/EEPROM_RW/eeprom_rw.c:162:6:check_SDP	8	static
../Drivers/EEPROM_RW/eeprom_rw.c:166:6:erase_eeprom	16	static
../Drivers/EEPROM_RW/eeprom_rw.c:180:6:printContents	136	static
../Drivers/EEPROM_RW/eeprom_rw.c:193:9:eeprom_control_unit_converter	16	static
../Drivers/EEPROM_RW/eeprom_rw.c:203:6:noen	8	static
